---
source: crates/edm/tests/markets.rs
expression: run.stdout
---
   resolving "Colonia" through Ardent...
== SYSTEM ==========================================================================================
+------------------+----------------------------------+
| Field            | Value                            |
+==================+==================================+
| system           | Colonia                          |
| resolved via     | system name                      |
| systemAddress    | 3238296097059                    |
| mass code        | d (3), boxel 80 ly               |
| sector           | 31 / 31 / 34                     |
| boxel            | 9 / 4 / 4, index 94              |
| boxel origin     | -9585 / -985 / 19735             |
| coordinates      | -9530.5 / -910.28125 / 19808.125 |
| coords in boxel  | yes                              |
| repacked address | 3238296097059 (round-trips)      |
+------------------+----------------------------------+
== REQUEST  GET /2.0/elite/starsystem ==============================================================
+-----------------+--------------------------------------------------------+
| Field           | Value                                                  |
+=================+========================================================+
| TARGET                                                                   |
+-----------------+--------------------------------------------------------+
| method          | GET                                                    |
| endpoint        | https://api.orerve.net/2.0/elite/starsystem            |
| query           | 2,984 chars base64 EtN9Y2rdygmpBuSF9GQz...v/gQuSsjyA== |
+-----------------+--------------------------------------------------------+
| HEADERS                                                                  |
+-----------------+--------------------------------------------------------+
| encrypted       | 1                                                      |
| fdev-retry      | 0/2                                                    |
| fdev-season     | 4                                                      |
| fdev-semver     | 4.4.0.3                                                |
| nonce           | 000000000000                                           |
| request-time    | 12345000                                               |
| user-agent      | EDGame/11.0/Win64                                      |
+-----------------+--------------------------------------------------------+
| ENVELOPE                                                                 |
+-----------------+--------------------------------------------------------+
| cmdrId          | F1234567                                               |
| language        | en                                                     |
| systemAddr      | 3238296097059                                          |
| cachedTimeStamp | 0                                                      |
| fTime           | 1700000000                                             |
| machineId       | machine-1                                              |
| machineToken    | 80 chars (hidden)                                      |
| authToken       | 2024 chars (hidden)                                    |
| plaintext       | 2,236 bytes                                            |
| nonce           | 000000000000                                           |
| fTime           | 1700000000 (2023-11-14T22:13:20.000Z)                  |
| requestTime     | 12,345,000 ms (uptime 03:25:45)                        |
+-----------------+--------------------------------------------------------+
   pass --full-url to print the encrypted query in full
== RESPONSE  HTTP 200 OK ===========================================================================
+------------------+--------------------------+
| Field            | Value                    |
+==================+==========================+
| HEADERS                                     |
+------------------+--------------------------+
| content-type     | application/octet-stream |
| nonce            | 0123456789ab             |
| uncompressedsize | 1480                     |
+------------------+--------------------------+
== MARKETS  6 of 7 in Colonia ======================================================================
+------------+----------------+-------+-----+-----+-----------+------------+---------+-----------+
|  Market ID | Name           | CBOYF | Imp | Exp | Dist (Ls) | Economy    | Faction | Body      |
+============+================+=======+=====+=====+===========+============+=========+===========+
| STARPORT  2 | 2 with a commodity market                                                        |
+------------+----------------+-------+-----+-----+-----------+------------+---------+-----------+
| 3229009408 | Jaques Station | CB..F |   2 |   1 |       286 | Tourism    | Jaques  | Colonia 2 |
| 3229009410 | Kinsey Orbital | C.O.. |   1 |   2 |     1,200 | -          | Jaques  | -         |
+------------+----------------+-------+-----+-----+-----------+------------+---------+-----------+
| OUTPOST  3 | 2 with a commodity market                                                         |
+------------+----------------+-------+-----+-----+-----------+------------+---------+-----------+
| 3229009413 | Idle Beacon    | ....F |   - |   - |        12 | -          | Jaques  | -         |
| 3229009412 | Centauri Depot | C.... |   1 |   1 |        33 | -          | Jaques  | -         |
| 3229009409 | Ohm City       | C.... |   1 |   1 |       417 | Industrial | Jaques  | Colonia 5 |
+------------+----------------+-------+-----+-----+-----------+------------+---------+-----------+
| PLANETARY  1 | 1 with a commodity market                                                       |
+------------+----------------+-------+-----+-----+-----------+------------+---------+-----------+
| 3229009411 | Colonia Hub    | C.... |   1 |   1 |        90 | -          | Jaques  | -         |
+------------+----------------+-------+-----+-----+-----------+------------+---------+-----------+
   CBOYF = Commodities/Blackmarket/Outfitting/shipYard/reFuel service available | Imp,Exp =
   commodities traded
   1 fleet carriers hidden (--carriers to show)
   feed a market id to: list --market-id <id>   or   trade --market-id <id> --type buy --item <name>
   --qty <n>
