---
source: crates/edm-core/tests/render.rs
expression: "emit(&scenario, width)"
---
== MARKETS  3 in Shinrarta Dezhra — 1 filtered out 
+------------+---------------------+-----+-----+
|  Market ID | Name                | Imp | Exp |
+============+=====================+=====+=====+
| ORBIS STARPORT  2 markets                    |
+------------+---------------------+-----+-----+
| 3229028096 | Jameson Memorial F~ |  44 |  51 |
| 3223343616 | Abraham Lincoln Fo~ | 128 |  96 |
+------------+---------------------+-----+-----+
| FLEET CARRIER  1 market                      |
+------------+---------------------+-----+-----+
| 3700286976 | K7Q-BQL Nostromo    |   0 |   8 |
+------------+---------------------+-----+-----+
   columns hidden to fit 48 cols: Body, Faction,
   Economy, Dist (Ls), CBOYF
