---
source: crates/edm-core/tests/render.rs
expression: "emit(&scenario, width)"
---
== MARKETS  2 in Shinrarta Dezhra ======================================================================================================================================================================
+------------+------------------+-------+-----+-----+-----------+-----------+-------------+----------------+
|  Market ID | Name             | CBOYF | Imp | Exp | Dist (Ls) | Economy   | Faction     | Body           |
+============+==================+=======+=====+=====+===========+===========+=============+================+
| 3229028096 | Jameson Memorial | CBOYF |  44 |  51 |     324.6 | High Tech | Pilots Fed  | Shinrarta      |
| 3223343616 | Abraham Lincoln  | C.O.F |  12 |   8 |   1,204.0 | Refinery  | Mother Gaia | Founders World |
+------------+------------------+-------+-----+-----+-----------+-----------+-------------+----------------+
