---
source: crates/edm-core/tests/render.rs
expression: "emit(&scenario, width)"
---
== TRADES  2 requests over 1 round — complete ==
+---+------------+-----+-------+---------+
| # | Commodity  | Qty |  Unit |   Total |
+===+============+=====+=======+=========+
| 1 | Gold       |  12 | 9,401 | 112,812 |
| 2 | Tobacco    |   4 | 5,380 |  21,520 |
+---+------------+-----+-------+---------+
   columns hidden to fit 48 cols: Cargo, HTTP
