---
source: crates/edm-core/tests/render.rs
expression: "emit(&scenario, width)"
---
== INVENTORY  3 items ==========================================================
+---------------+-------+------------+---+-----------+-------------------------+
| Commodity     |   Qty |      Value | S |    Origin | Position (x / y / z)    |
+===============+=======+============+===+===========+=========================+
| Advanced Cat~ | 1,024 | 12,345,678 | S | 128049204 | -1204.5 / 88.0 / 3212.9 |
| Onionhead Al~ |    16 |      8,150 | . |         0 | 0.0 / 0.0 / 0.0         |
+---------------+-------+------------+---+-----------+-------------------------+
| Hydrogen Fuel |     - |          - | . |         0 | -                       |
+---------------+-------+------------+---+-----------+-------------------------+
   columns hidden to fit 80 cols: Marked, Owner
