---
source: crates/edm-core/tests/render.rs
expression: "emit(&scenario, width)"
---
== MARKETS  2 in Shinrarta Dezhra ==============
+------------+------------------+-----+-----+
|  Market ID | Name             | Imp | Exp |
+============+==================+=====+=====+
| 3229028096 | Jameson Memorial |  44 |  51 |
| 3223343616 | Abraham Lincoln  |  12 |   8 |
+------------+------------------+-----+-----+
   columns hidden to fit 48 cols: Body, Faction,
   Economy, Dist (Ls), CBOYF
