---
source: crates/edm-core/tests/render.rs
expression: "emit(&scenario, width)"
---
== MARKETS  3 in Shinrarta Dezhra — 1 filtered out =================================================
+------------+----------------------------------+-------+-----+-----+-------------+----------------+
|  Market ID | Name                             | CBOYF | Imp | Exp |   Dist (Ls) | Economy        |
+============+==================================+=======+=====+=====+=============+================+
| ORBIS STARPORT  2 markets                                                                        |
+------------+----------------------------------+-------+-----+-----+-------------+----------------+
| 3229028096 | Jameson Memorial Fleet Landing ~ | CBOYF |  44 |  51 |       324.6 | High Technolo~ |
| 3223343616 | Abraham Lincoln Founders Orbital | C.O.F | 128 |  96 | 1,204,000.0 | Refinery       |
+------------+----------------------------------+-------+-----+-----+-------------+----------------+
| FLEET CARRIER  1 market                                                                          |
+------------+----------------------------------+-------+-----+-----+-------------+----------------+
| 3700286976 | K7Q-BQL Nostromo                 | C.... |   0 |   8 |           - | Colony         |
+------------+----------------------------------+-------+-----+-----+-------------+----------------+
   columns hidden to fit 100 cols: Body, Faction
