---
source: crates/edm-core/tests/views.rs
expression: "emit(blocks, width)"
---
== ROUTE PLAN ==================================
+----------------------------+-----------------+
| Field                      | Value           |
+============================+=================+
| reference                  | Sol             |
| radius                     | 20 Ly (complet~ |
| systems                    | 412 in radius,~ |
| stations known             | 1,230 (Ardent)  |
|   - Odyssey settlements    | -771   (--sett~ |
|   - fleet carriers         | -194   (--incl~ |
|   - outposts (pad L)       | -86   (--pad M~ |
|   - beyond 2,000 Ls        | -22   (--max-s~ |
| markets to poll            | 135             |
| cached and still fresh     | 22              |
| game-internal API requests | 253  = 118 off~ |
| estimated transfer         | 42-78 MB  (pri~ |
| pacing                     | 4 req/s         |
| estimated wall clock       | 64s             |
| ceiling                    | 253 of 2,000  ~ |
+----------------------------+-----------------+
