---
source: crates/edm/src/tui/view/tests.rs
expression: "frame(&state, 100, 20)"
---
 edm  1:Search  2:Results  3:Detail  4:Pins  5:Sell  L:Log
Log─────────────────────────────────────────────────────────────────────────────────────────────────
resolving "Sol" through Ardent for quick lookup...
warning: something the pipeline said on stderr















 requests 0 / 2,000  no journal  F1 help  Ctrl-L log  Ctrl-C quit
